// Jest Snapshot v1, https://goo.gl/fbAQLP

exports[`Search Header renders snapshot 1`] = `
<div>
  <input
    onChange={[Function]}
    type="text"
    value=""
  />
  <button
    onClick={[Function]}
  >
    Search
  </button>
</div>
`;
